179009
4742709
5227473
2200424
2262466
3313911
6999839
7097836
279294
283204
2748604
299397
312147
3071959
3385951
368815
379213
417970
11229945
536808
14224030
15247982
728867
20135908
